{
  "immunespace_download_id": "test-immunespace-1"
}
