{
  "apikey": "apikey|f486c6983c58c4a1f0339de75aa36692",
  "date_created": "xxx",
  "email": "tester@renci.org",
  "end_date": "xxx",
  "group_id": "test-SDY61-9",
  "immunespace_download_id": "test-immunespace-1",
  "start_date": "xxx",
  "status": "xxx",
  "stderr": null
}
